\BOOKMARK [1][-]{section.1}{\376\377\000I\000n\000t\000r\000o\000d\000u\000c\000t\000i\000o\000n}{}% 1
\BOOKMARK [1][-]{section.2}{\376\377\000T\000h\000e\000\040\000T\000h\000o\000l\000o\000n\000i\000c\000\040\000N\000-\000D\000-\000C\000\040\000F\000r\000a\000m\000e\000w\000o\000r\000k}{}% 2
\BOOKMARK [1][-]{section.3}{\376\377\000T\000h\000e\000\040\000D\000M\000N\000\040\000a\000s\000\040\000D\000-\000A\000p\000p\000a\000r\000a\000t\000u\000s}{}% 3
\BOOKMARK [2][-]{subsection.3.1}{\376\377\000W\000h\000a\000t\000\040\000t\000h\000e\000\040\000D\000e\000f\000a\000u\000l\000t\000\040\000M\000o\000d\000e\000\040\000N\000e\000t\000w\000o\000r\000k\000\040\000D\000o\000e\000s}{section.3}% 4
\BOOKMARK [2][-]{subsection.3.2}{\376\377\000T\000h\000e\000\040\000D\000M\000N\000\040\000i\000s\000\040\000C\000o\000m\000p\000u\000t\000a\000t\000i\000o\000n\000a\000l\000l\000y\000\040\000D}{section.3}% 5
\BOOKMARK [2][-]{subsection.3.3}{\376\377\000S\000e\000n\000s\000o\000r\000y\000\040\000P\000r\000e\000d\000i\000c\000t\000i\000o\000n\000\040\000E\000r\000r\000o\000r\000s\000\040\000a\000s\000\040\000C}{section.3}% 6
\BOOKMARK [1][-]{section.4}{\376\377\000T\000h\000e\000\040\000R\000E\000B\000U\000S\000\040\000C\000o\000r\000r\000e\000s\000p\000o\000n\000d\000e\000n\000c\000e}{}% 7
\BOOKMARK [1][-]{section.5}{\376\377\000C\000o\000n\000s\000c\000i\000o\000u\000s\000n\000e\000s\000s\000\040\000S\000t\000a\000t\000e\000s\000\040\000i\000n\000\040\000D\000/\000C\000\040\000S\000p\000a\000c\000e}{}% 8
\BOOKMARK [2][-]{subsection.5.1}{\376\377\000T\000h\000e\000\040\000S\000t\000a\000t\000e\000-\000S\000p\000a\000c\000e\000\040\000R\000e\000p\000r\000e\000s\000e\000n\000t\000a\000t\000i\000o\000n}{section.5}% 9
\BOOKMARK [2][-]{subsection.5.2}{\376\377\000T\000h\000e\000\040\000A\000n\000e\000s\000t\000h\000e\000s\000i\000a\000\040\000M\000a\000g\000n\000i\000t\000u\000d\000e\000\040\000C\000a\000v\000e\000a\000t}{section.5}% 10
\BOOKMARK [1][-]{section.6}{\376\377\000P\000s\000y\000c\000h\000e\000d\000e\000l\000i\000c\000\040\000M\000e\000c\000h\000a\000n\000i\000s\000m\000\040\000a\000n\000d\000\040\000E\000g\000o\000\040\000D\000i\000s\000s\000o\000l\000u\000t\000i\000o\000n}{}% 11
\BOOKMARK [2][-]{subsection.6.1}{\376\377\000T\000h\000e\000\040\000D\000o\000s\000e\000-\000R\000e\000s\000p\000o\000n\000s\000e\000\040\000R\000e\000l\000a\000t\000i\000o\000n\000s\000h\000i\000p}{section.6}% 12
\BOOKMARK [2][-]{subsection.6.2}{\376\377\000E\000g\000o\000\040\000D\000i\000s\000s\000o\000l\000u\000t\000i\000o\000n\000\040\000a\000s\000\040\000N\000-\000D\000i\000s\000s\000o\000l\000u\000t\000i\000o\000n}{section.6}% 13
\BOOKMARK [2][-]{subsection.6.3}{\376\377\000N\000e\000u\000r\000a\000l\000\040\000E\000n\000t\000r\000o\000p\000y\000\040\000a\000s\000\040\000C\000-\000R\000u\000n\000a\000w\000a\000y}{section.6}% 14
\BOOKMARK [1][-]{section.7}{\376\377\000M\000a\000l\000a\000d\000a\000p\000t\000i\000v\000e\000\040\000H\000i\000g\000h\000-\000D\000\040\000S\000t\000a\000t\000e\000s\000\040\000a\000n\000d\000\040\000t\000h\000e\000\040\000T\000h\000e\000r\000a\000p\000e\000u\000t\000i\000c\000\040\000W\000i\000n\000d\000o\000w}{}% 15
\BOOKMARK [2][-]{subsection.7.1}{\376\377\000D\000e\000p\000r\000e\000s\000s\000i\000o\000n\000\040\000a\000n\000d\000\040\000P\000T\000S\000D\000\040\000a\000s\000\040\000D\000-\000R\000i\000g\000i\000d\000i\000t\000y}{section.7}% 16
\BOOKMARK [2][-]{subsection.7.2}{\376\377\000T\000h\000e\000\040\000T\000h\000e\000r\000a\000p\000e\000u\000t\000i\000c\000\040\000W\000i\000n\000d\000o\000w}{section.7}% 17
\BOOKMARK [1][-]{section.8}{\376\377\000P\000s\000y\000c\000h\000o\000s\000i\000s\000\040\000a\000s\000\040\000D\000-\000D\000y\000s\000r\000e\000g\000u\000l\000a\000t\000i\000o\000n\000,\000\040\000N\000o\000t\000\040\000D\000-\000C\000o\000l\000l\000a\000p\000s\000e}{}% 18
\BOOKMARK [1][-]{section.9}{\376\377\000M\000e\000d\000i\000t\000a\000t\000i\000o\000n\000\040\000a\000s\000\040\000V\000o\000l\000u\000n\000t\000a\000r\000y\000\040\000D\000-\000M\000o\000d\000u\000l\000a\000t\000i\000o\000n}{}% 19
\BOOKMARK [1][-]{section.10}{\376\377\000F\000a\000l\000s\000i\000f\000i\000a\000b\000l\000e\000\040\000P\000r\000e\000d\000i\000c\000t\000i\000o\000n\000s}{}% 20
\BOOKMARK [1][-]{section.11}{\376\377\000D\000i\000s\000c\000u\000s\000s\000i\000o\000n}{}% 21
\BOOKMARK [2][-]{subsection.11.1}{\376\377\000R\000e\000l\000a\000t\000i\000o\000n\000\040\000t\000o\000\040\000E\000x\000i\000s\000t\000i\000n\000g\000\040\000C\000o\000m\000p\000u\000t\000a\000t\000i\000o\000n\000a\000l\000\040\000F\000r\000a\000m\000e\000w\000o\000r\000k\000s}{section.11}% 22
\BOOKMARK [2][-]{subsection.11.2}{\376\377\000L\000i\000m\000i\000t\000a\000t\000i\000o\000n\000s}{section.11}% 23
\BOOKMARK [1][-]{section.12}{\376\377\000C\000o\000n\000c\000l\000u\000s\000i\000o\000n\000s}{}% 24
\BOOKMARK [1][-]{section.13}{\376\377\000R\000e\000f\000e\000r\000e\000n\000c\000e\000s}{}% 25
