\BOOKMARK [1][-]{section.1}{\376\377\000I\000n\000t\000r\000o\000d\000u\000c\000t\000i\000o\000n}{}% 1
\BOOKMARK [1][-]{section.2}{\376\377\000T\000h\000e\000\040\000T\000h\000o\000l\000o\000n\000i\000c\000\040\000N\000-\000D\000-\000C\000\040\000F\000r\000a\000m\000e\000w\000o\000r\000k\000\040\000A\000p\000p\000l\000i\000e\000d\000\040\000t\000o\000\040\000M\000a\000r\000k\000e\000t\000s}{}% 2
\BOOKMARK [2][-]{subsection.2.1}{\376\377\000W\000h\000y\000\040\000t\000h\000e\000\040\000A\000s\000s\000e\000t\000\040\000I\000s\000\040\000t\000h\000e\000\040\000C\000o\000r\000r\000e\000c\000t\000\040\000U\000n\000i\000t\000\040\000o\000f\000\040\000A\000c\000c\000o\000u\000n\000t}{section.2}% 3
\BOOKMARK [1][-]{section.3}{\376\377\000D\000\040\000a\000n\000d\000\040\000C\000\040\000P\000r\000i\000m\000i\000t\000i\000v\000e\000\040\000D\000e\000f\000i\000n\000i\000t\000i\000o\000n\000s}{}% 4
\BOOKMARK [2][-]{subsection.3.1}{\376\377\000D\000\040\000P\000r\000i\000m\000i\000t\000i\000v\000e\000s\000:\000\040\000B\000e\000a\000r\000i\000s\000h\000\040\000C\000o\000n\000s\000t\000r\000a\000i\000n\000t\000s}{section.3}% 5
\BOOKMARK [2][-]{subsection.3.2}{\376\377\000C\000\040\000P\000r\000i\000m\000i\000t\000i\000v\000e\000s\000:\000\040\000B\000u\000l\000l\000i\000s\000h\000\040\000C\000o\000n\000t\000r\000i\000b\000u\000t\000i\000o\000n\000s}{section.3}% 6
\BOOKMARK [1][-]{section.4}{\376\377\000I\000m\000b\000a\000l\000a\000n\000c\000e\000\040\000a\000n\000d\000\040\000E\000n\000e\000r\000g\000y\000:\000\040\000T\000h\000e\000\040\000C\000o\000r\000e\000\040\000S\000i\000g\000n\000a\000l\000\040\000P\000a\000i\000r}{}% 7
\BOOKMARK [2][-]{subsection.4.1}{\376\377\000I\000m\000b\000a\000l\000a\000n\000c\000e}{section.4}% 8
\BOOKMARK [2][-]{subsection.4.2}{\376\377\000E\000n\000e\000r\000g\000y\000\040\000C\000o\000s\000t}{section.4}% 9
\BOOKMARK [2][-]{subsection.4.3}{\376\377\000T\000h\000e\000\040\000N\000\040\000S\000t\000a\000t\000e}{section.4}% 10
\BOOKMARK [2][-]{subsection.4.4}{\376\377\000R\000e\000a\000d\000i\000n\000g\000\040\000t\000h\000e\000\040\000O\000p\000e\000r\000a\000t\000i\000o\000n\000a\000l\000\040\000C\000h\000a\000r\000t}{section.4}% 11
\BOOKMARK [1][-]{section.5}{\376\377\000G\000r\000i\000d\000\040\000A\000r\000c\000h\000i\000t\000e\000c\000t\000u\000r\000e\000:\000\040\000P\000h\000i\000-\000S\000p\000a\000c\000e\000d\000\040\000L\000e\000v\000e\000l\000\040\000H\000i\000e\000r\000a\000r\000c\000h\000y}{}% 12
\BOOKMARK [2][-]{subsection.5.1}{\376\377\000T\000h\000e\000\040\000B\000a\000s\000e\000\040\000Q\000u\000a\000n\000t\000u\000m}{section.5}% 13
\BOOKMARK [2][-]{subsection.5.2}{\376\377\000T\000h\000e\000\040\000F\000i\000v\000e\000\040\000P\000h\000i\000-\000S\000p\000a\000c\000e\000d\000\040\000L\000e\000v\000e\000l\000s}{section.5}% 14
\BOOKMARK [1][-]{section.6}{\376\377\000O\000p\000e\000r\000a\000t\000i\000o\000n\000a\000l\000\040\000M\000o\000d\000e\000s\000\040\000a\000n\000d\000\040\000R\000e\000g\000i\000m\000e\000\040\000L\000o\000g\000i\000c}{}% 15
\BOOKMARK [2][-]{subsection.6.1}{\376\377\000H\000y\000s\000t\000e\000r\000e\000s\000i\000s}{section.6}% 16
\BOOKMARK [2][-]{subsection.6.2}{\376\377\000T\000h\000e\000\040\000F\000i\000v\000e\000\040\000M\000o\000d\000e\000s}{section.6}% 17
\BOOKMARK [1][-]{section.7}{\376\377\000A\000u\000x\000i\000l\000i\000a\000r\000y\000\040\000S\000i\000g\000n\000a\000l\000s}{}% 18
\BOOKMARK [2][-]{subsection.7.1}{\376\377\000P\000h\000i\000-\000E\000x\000t\000e\000n\000s\000i\000o\000n\000\040\000S\000i\000g\000n\000a\000l}{section.7}% 19
\BOOKMARK [2][-]{subsection.7.2}{\376\377\000L\000a\000m\000b\000d\000a\000:\000\040\000V\000o\000l\000u\000m\000e\000\040\000R\000e\000c\000o\000v\000e\000r\000y\000\040\000S\000i\000g\000n\000a\000l}{section.7}% 20
\BOOKMARK [1][-]{section.8}{\376\377\000E\000m\000p\000i\000r\000i\000c\000a\000l\000\040\000R\000e\000s\000u\000l\000t\000s\000:\000\040\0005\0009\000-\000D\000a\000y\000\040\000S\000O\000L\000/\000U\000S\000D\000\040\000R\000u\000n}{}% 21
\BOOKMARK [2][-]{subsection.8.1}{\376\377\000S\000e\000t\000u\000p}{section.8}% 22
\BOOKMARK [2][-]{subsection.8.2}{\376\377\000S\000u\000m\000m\000a\000r\000y\000\040\000S\000t\000a\000t\000i\000s\000t\000i\000c\000s}{section.8}% 23
\BOOKMARK [2][-]{subsection.8.3}{\376\377\000M\000o\000d\000e\000\040\000D\000i\000s\000t\000r\000i\000b\000u\000t\000i\000o\000n}{section.8}% 24
\BOOKMARK [2][-]{subsection.8.4}{\376\377\000A\000c\000c\000u\000m\000u\000l\000a\000t\000i\000o\000n\000\040\000R\000e\000c\000o\000r\000d}{section.8}% 25
\BOOKMARK [1][-]{section.9}{\376\377\000D\000i\000s\000c\000u\000s\000s\000i\000o\000n}{}% 26
\BOOKMARK [2][-]{subsection.9.1}{\376\377\000A\000c\000c\000u\000m\000u\000l\000a\000t\000i\000o\000n\000\040\000O\000b\000j\000e\000c\000t\000i\000v\000e\000\040\000A\000s\000s\000e\000s\000s\000m\000e\000n\000t}{section.9}% 27
\BOOKMARK [2][-]{subsection.9.2}{\376\377\000T\000h\000e\000\040\000D\000i\000s\000t\000r\000i\000b\000u\000t\000e\000-\000M\000o\000d\000e\000\040\000A\000c\000c\000u\000m\000u\000l\000a\000t\000i\000o\000n\000\040\000P\000a\000r\000a\000d\000o\000x}{section.9}% 28
\BOOKMARK [2][-]{subsection.9.3}{\376\377\000C\000a\000s\000h\000\040\000E\000x\000h\000a\000u\000s\000t\000i\000o\000n\000\040\000R\000i\000s\000k}{section.9}% 29
\BOOKMARK [2][-]{subsection.9.4}{\376\377\000O\000r\000d\000e\000r\000\040\000R\000e\000j\000e\000c\000t\000i\000o\000n\000\040\000R\000a\000t\000e}{section.9}% 30
\BOOKMARK [1][-]{section.10}{\376\377\000C\000o\000n\000c\000l\000u\000s\000i\000o\000n}{}% 31
\BOOKMARK [1][-]{section.11}{\376\377\000R\000e\000f\000e\000r\000e\000n\000c\000e\000s}{}% 32
