\BOOKMARK [1][-]{section.1}{\376\377\000T\000h\000e\000\040\000P\000r\000o\000b\000l\000e\000m\000:\000\040\000W\000h\000y\000\040\000t\000h\000e\000\040\000E\000l\000e\000c\000t\000r\000o\000n\000\040\000a\000s\000\040\000D\000e\000s\000c\000r\000i\000b\000e\000d\000\040\000I\000s\000\040\000I\000n\000s\000u\000f\000f\000i\000c\000i\000e\000n\000t}{}% 1
\BOOKMARK [2][-]{subsection.1.1}{\376\377\000T\000e\000s\000l\000a\000'\000s\000\040\000O\000b\000j\000e\000c\000t\000i\000o\000n}{section.1}% 2
\BOOKMARK [2][-]{subsection.1.2}{\376\377\000E\000i\000n\000s\000t\000e\000i\000n\000'\000s\000\040\000O\000b\000j\000e\000c\000t\000i\000o\000n}{section.1}% 3
\BOOKMARK [2][-]{subsection.1.3}{\376\377\000Q\000u\000a\000n\000t\000u\000m\000\040\000F\000i\000e\000l\000d\000\040\000T\000h\000e\000o\000r\000y\000:\000\040\000A\000\040\000P\000a\000r\000t\000i\000a\000l\000\040\000V\000i\000n\000d\000i\000c\000a\000t\000i\000o\000n}{section.1}% 4
\BOOKMARK [1][-]{section.2}{\376\377\000T\000h\000e\000\040\000T\000h\000o\000l\000o\000n\000i\000c\000\040\000M\000o\000d\000e\000l\000:\000\040\000A\000\040\000F\000i\000e\000l\000d\000-\000F\000i\000r\000s\000t\000\040\000O\000n\000t\000o\000l\000o\000g\000y}{}% 5
\BOOKMARK [2][-]{subsection.2.1}{\376\377\000C\000o\000r\000e\000\040\000C\000l\000a\000i\000m}{section.2}% 6
\BOOKMARK [2][-]{subsection.2.2}{\376\377\000T\000h\000e\000\040\000N\000-\000D\000-\000C\000\040\000T\000r\000i\000a\000d}{section.2}% 7
\BOOKMARK [2][-]{subsection.2.3}{\376\377\000T\000h\000e\000\040\000T\000h\000o\000l\000o\000g\000r\000a\000m\000'\000s\000\040\000N\000u\000m\000e\000r\000i\000c\000a\000l\000\040\000P\000a\000t\000t\000e\000r\000n\000s}{section.2}% 8
\BOOKMARK [2][-]{subsection.2.4}{\376\377\000T\000h\000e\000\040\000T\000h\000o\000l\000o\000n}{section.2}% 9
\BOOKMARK [1][-]{section.3}{\376\377\000T\000h\000e\000\040\000A\000t\000o\000m\000\040\000a\000s\000\040\000a\000\040\000M\000e\000a\000s\000u\000r\000a\000b\000l\000e\000\040\000T\000h\000o\000l\000o\000n\000:\000\040\000L\000i\000n\000e\000s\000\040\000o\000f\000\040\000E\000v\000i\000d\000e\000n\000c\000e}{}% 10
\BOOKMARK [2][-]{subsection.3.1}{\376\377\000Q\000u\000a\000r\000k\000\040\000O\000c\000c\000u\000p\000a\000n\000c\000y\000\040\000S\000t\000r\000u\000c\000t\000u\000r\000e\000\040\000\050\000S\000t\000r\000o\000n\000g\000\051}{section.3}% 11
\BOOKMARK [2][-]{subsection.3.2}{\376\377\000C\000o\000l\000o\000r\000\040\000C\000h\000a\000r\000g\000e\000,\000\040\000t\000h\000e\000\040\000S\000U\000\050\0003\000\051\000\040\000T\000r\000i\000g\000r\000a\000m\000,\000\040\000a\000n\000d\000\040\000C\000o\000n\000f\000i\000n\000e\000m\000e\000n\000t\000\040\000\050\000S\000t\000r\000o\000n\000g\000\051}{section.3}% 12
\BOOKMARK [2][-]{subsection.3.3}{\376\377\000T\000h\000e\000\040\000V\000i\000r\000i\000a\000l\000\040\000T\000h\000e\000o\000r\000e\000m\000\040\000a\000s\000\040\000t\000h\000e\000\040\000D\000-\000C\000\040\000B\000a\000l\000a\000n\000c\000e\000\040\000C\000o\000n\000d\000i\000t\000i\000o\000n\000\040\000\050\000S\000t\000r\000o\000n\000g\000\051}{section.3}% 13
\BOOKMARK [3][-]{subsubsection.3.3.1}{\376\377\0003\000.\0004\000\040\000T\000h\000e\000\040\000T\000s\000i\000r\000e\000l\000s\000o\000n\000\040\000B\000o\000u\000n\000d\000\040\000\050\0002\000\134\000s\000q\000r\000t\000\173\0002\000\175\000\051\000:\000\040\000D\000e\000r\000i\000v\000e\000d\000\040\000f\000r\000o\000m\000\040\000T\000h\000o\000l\000o\000n\000i\000c\000\040\000F\000i\000r\000s\000t\000\040\000P\000r\000i\000n\000c\000i\000p\000l\000e\000s}{subsection.3.3}% 14
\BOOKMARK [2][-]{subsection.3.4}{\376\377\000T\000e\000t\000r\000a\000h\000e\000d\000r\000a\000l\000\040\000O\000r\000b\000i\000t\000a\000l\000\040\000G\000e\000o\000m\000e\000t\000r\000y\000\040\000\050\000S\000t\000r\000o\000n\000g\000\051}{section.3}% 15
\BOOKMARK [2][-]{subsection.3.5}{\376\377\000E\000l\000e\000c\000t\000r\000o\000n\000\040\000S\000p\000i\000n\000\040\000a\000s\000\040\000B\000i\000n\000a\000r\000y\000\040\000N\000-\000D\000\040\000D\000u\000a\000l\000i\000t\000y\000\040\000\050\000M\000o\000d\000e\000r\000a\000t\000e\000\051}{section.3}% 16
\BOOKMARK [2][-]{subsection.3.6}{\376\377\000T\000h\000e\000\040\000F\000i\000v\000e\000\040\000T\000h\000o\000l\000o\000n\000i\000c\000\040\000C\000o\000n\000s\000t\000a\000n\000t\000s\000:\000\040\000A\000\040\000S\000t\000r\000u\000c\000t\000u\000r\000a\000l\000\040\000U\000n\000i\000f\000i\000c\000a\000t\000i\000o\000n\000\040\000A\000r\000g\000u\000m\000e\000n\000t\000\040\000\050\000M\000o\000d\000e\000r\000a\000t\000e\000,\000\040\000Q\000u\000a\000l\000i\000f\000i\000e\000d\000\051}{section.3}% 17
\BOOKMARK [2][-]{subsection.3.7}{\376\377\000T\000h\000e\000\040\000K\000o\000i\000d\000e\000\040\000F\000o\000r\000m\000u\000l\000a\000\040\000a\000n\000d\000\040\000T\000h\000r\000e\000e\000-\000G\000e\000n\000e\000r\000a\000t\000i\000o\000n\000\040\000S\000t\000r\000u\000c\000t\000u\000r\000e\000\040\000\050\000S\000t\000r\000o\000n\000g\000\051}{section.3}% 18
\BOOKMARK [1][-]{section.4}{\376\377\000T\000h\000e\000\040\000N\000-\000D\000-\000C\000\040\000A\000s\000s\000i\000g\000n\000m\000e\000n\000t\000\040\000f\000o\000r\000\040\000t\000h\000e\000\040\000H\000y\000d\000r\000o\000g\000e\000n\000\040\000A\000t\000o\000m}{}% 19
\BOOKMARK [1][-]{section.5}{\376\377\000E\000v\000i\000d\000e\000n\000c\000e\000\040\000S\000t\000r\000e\000n\000g\000t\000h\000\040\000S\000u\000m\000m\000a\000r\000y}{}% 20
\BOOKMARK [1][-]{section.6}{\376\377\000T\000h\000e\000\040\000S\000t\000a\000n\000d\000a\000r\000d\000\040\000M\000o\000d\000e\000l\000'\000s\000\040\000P\000a\000r\000a\000m\000e\000t\000e\000r\000\040\000P\000r\000o\000b\000l\000e\000m}{}% 21
\BOOKMARK [1][-]{section.7}{\376\377\000F\000a\000l\000s\000i\000f\000i\000a\000b\000i\000l\000i\000t\000y}{}% 22
\BOOKMARK [1][-]{section.8}{\376\377\000P\000r\000o\000p\000o\000s\000e\000d\000\040\000T\000e\000s\000t\000s\000\040\000a\000n\000d\000\040\000O\000p\000e\000n\000\040\000D\000e\000r\000i\000v\000a\000t\000i\000o\000n\000s}{}% 23
\BOOKMARK [2][-]{subsubsection.8.0.1}{\376\377\000C\000a\000t\000e\000g\000o\000r\000y\000\040\0001\000:\000\040\000T\000e\000s\000t\000a\000b\000l\000e\000\040\000w\000i\000t\000h\000\040\000E\000x\000i\000s\000t\000i\000n\000g\000\040\000D\000a\000t\000a}{section.8}% 24
\BOOKMARK [3][-]{subsubsection.8.0.2}{\376\377\000C\000a\000t\000e\000g\000o\000r\000y\000\040\0002\000:\000\040\000R\000e\000q\000u\000i\000r\000i\000n\000g\000\040\000N\000e\000w\000\040\000E\000x\000p\000e\000r\000i\000m\000e\000n\000t\000s}{subsubsection.8.0.1}% 25
\BOOKMARK [3][-]{subsubsection.8.0.3}{\376\377\000C\000a\000t\000e\000g\000o\000r\000y\000\040\0003\000:\000\040\000R\000e\000q\000u\000i\000r\000i\000n\000g\000\040\000T\000h\000e\000o\000r\000e\000t\000i\000c\000a\000l\000\040\000D\000e\000r\000i\000v\000a\000t\000i\000o\000n\000\040\000W\000o\000r\000k}{subsubsection.8.0.1}% 26
\BOOKMARK [3][-]{subsubsection.8.0.4}{\376\377\000C\000a\000t\000e\000g\000o\000r\000y\000\040\0004\000:\000\040\000Q\000u\000e\000s\000t\000i\000o\000n\000s\000\040\000t\000h\000e\000\040\000S\000t\000a\000n\000d\000a\000r\000d\000\040\000M\000o\000d\000e\000l\000\040\000C\000a\000n\000n\000o\000t\000\040\000A\000d\000d\000r\000e\000s\000s}{subsubsection.8.0.1}% 27
\BOOKMARK [1][-]{section.9}{\376\377\000I\000m\000p\000l\000i\000c\000a\000t\000i\000o\000n\000s}{}% 28
\BOOKMARK [1][-]{section.10}{\376\377\000R\000e\000f\000e\000r\000e\000n\000c\000e\000s}{}% 29
